main.c:85:5:main	8	static
main.c:136:6:printmsg	96	static
main.c:154:6:SystemClock_Config	88	static
main.c:202:13:MX_CRC_Init	8	static
main.c:228:13:MX_USART2_UART_Init	8	static
main.c:261:13:MX_USART3_UART_Init	8	static
main.c:294:13:MX_GPIO_Init	48	static
main.c:329:6:Bootloader_UART_Read_Data	16	static
main.c:392:6:Bootloader_Jump_To_User_App	24	static,ignoring_inline_asm
main.c:423:6:Bootloader_Handle_GetVer_cmd	32	static
main.c:445:6:Bootloader_Handle_GetHelp_cmd	16	static
main.c:450:6:Bootloader_Handle_GetCid_cmd	16	static
main.c:455:6:Bootloader_Handle_GetRdp_cmd	16	static
main.c:460:6:Bootloader_Handle_Go_cmd	16	static
main.c:465:6:Bootloader_Handle_Flash_Erase_cmd	16	static
main.c:470:6:Bootloader_Handle_Mem_Write_cmd	16	static
main.c:475:6:Bootloader_Handle_Enable_RW_Protect	16	static
main.c:480:6:Bootloader_Handle_Mem_Read	16	static
main.c:485:6:Bootloader_Handle_Read_Sector_Protection_Status	16	static
main.c:490:6:Bootloader_Handle_Read_OTP	16	static
main.c:495:6:Bootloader_Handle_Disable_RW_Protect	16	static
main.c:500:6:Bootloader_Send_ack	24	static
main.c:510:6:Bootloader_Send_nack	16	static
main.c:516:9:Bootloader_Verify_CRC	40	static
main.c:537:6:Bootloader_UART_Write_Data	16	static
main.c:545:9:Get_Bootloader_Version	4	static
main.c:556:6:Error_Handler	4	static
